main.c:101:5:main	8	static
main.c:159:6:SystemClock_Config	152	static
main.c:213:13:MX_FDCAN1_Init	8	static
main.c:283:13:MX_GPIO_Init	40	static
main.c:314:6:FDCAN_Setup_RX_InterruptL0	24	static
main.c:330:6:FDCAN_Enable_RX_InterrptL0	16	static
main.c:343:6:FDCAN_COMM_config_a	8	static
main.c:377:6:FDCAN_RX_Config_a	32	static
main.c:413:6:FDCAN_TX_Config_a	4	static
main.c:429:6:FDCAN_TX_a	16	static
main.c:455:6:Wait_Tx_Timeout	24	static
main.c:477:8:Wait_Rx_Timeout	32	static
main.c:525:7:HAL_FDCAN_RxFifo0Callback	16	static
main.c:564:6:Error_Handler	8	static
